
D:\01.ideaWeb\note>cd ../AQS  

D:\01.ideaWeb\AQS>call aqs.bat 

D:\01.ideaWeb\AQS>git add -A 

D:\01.ideaWeb\AQS>git commit -m "auto-commit" 
On branch develop
Your branch is up-to-date with 'origin/develop'.

It took 12.43 seconds to enumerate untracked files. 'status -uno'
may speed it up, but you have to be careful not to forget to add
new files yourself (see 'git help status').
nothing to commit, working directory clean

D:\01.ideaWeb\AQS>git push origin develop:develop 

D:\01.ideaWeb\AQS>cd ../ 

D:\01.ideaWeb>cd note 

D:\01.ideaWeb\note>call note.bat 

D:\01.ideaWeb\note>git add -A 
